../Core/Src/main.c:72:5:main	8	static
../Core/Src/main.c:128:6:SystemClock_Config	88	static
../Core/Src/main.c:175:13:MX_USART2_UART_Init	8	static
../Core/Src/main.c:208:13:MX_GPIO_Init	48	static
../Core/Src/main.c:241:6:LEDTask	8	static
../Core/Src/main.c:251:6:UARTInterruptConfig	8	static
../Core/Src/main.c:256:6:HAL_UART_RxCpltCallback	16	static
../Core/Src/main.c:268:6:HAL_GPIO_EXTI_Callback	16	static
../Core/Src/main.c:285:6:Menu	8	static
../Core/Src/main.c:450:6:Error_Handler	4	static,ignoring_inline_asm
